[0m15:30:51.106450 [debug] [MainThread]: Sending event: {'category': 'dbt', 'action': 'invocation', 'label': 'start', 'context': [<snowplow_tracker.self_describing_json.SelfDescribingJson object at 0x0000020A03BA7230>, <snowplow_tracker.self_describing_json.SelfDescribingJson object at 0x0000020A05D97D90>, <snowplow_tracker.self_describing_json.SelfDescribingJson object at 0x0000020A05D97890>]}


============================== 15:30:51.109827 | 2e198def-e8aa-4ee4-a33f-4762fd559af3 ==============================
[0m15:30:51.109827 [info ] [MainThread]: Running with dbt=1.11.2
[0m15:30:51.110365 [debug] [MainThread]: running dbt with arguments {'static_parser': 'True', 'no_print': 'None', 'version_check': 'True', 'warn_error_options': 'WarnErrorOptionsV2(error=[], warn=[], silence=[])', 'target_path': 'None', 'printer_width': '80', 'write_json': 'True', 'introspect': 'True', 'log_cache_events': 'False', 'empty': 'None', 'cache_selected_only': 'False', 'log_format': 'default', 'debug': 'False', 'fail_fast': 'False', 'profiles_dir': 'C:\\Users\\tylor\\.dbt', 'send_anonymous_usage_stats': 'True', 'quiet': 'False', 'warn_error': 'None', 'partial_parse': 'True', 'invocation_command': 'dbt init', 'indirect_selection': 'eager', 'use_colors': 'True', 'use_experimental_parser': 'False', 'log_path': 'logs'}
[0m15:30:51.263795 [info ] [MainThread]: Creating dbt configuration folder at C:\Users\tylor\.dbt
[0m15:32:13.472922 [debug] [MainThread]: Sending event: {'category': 'dbt', 'action': 'invocation', 'label': 'start', 'context': [<snowplow_tracker.self_describing_json.SelfDescribingJson object at 0x000002DD54507230>, <snowplow_tracker.self_describing_json.SelfDescribingJson object at 0x000002DD566F7D90>, <snowplow_tracker.self_describing_json.SelfDescribingJson object at 0x000002DD566F7890>]}


============================== 15:32:13.475977 | bed31517-683e-4b3f-8aeb-4f0e97eb58b1 ==============================
[0m15:32:13.475977 [info ] [MainThread]: Running with dbt=1.11.2
[0m15:32:13.476709 [debug] [MainThread]: running dbt with arguments {'version_check': 'True', 'no_print': 'None', 'static_parser': 'True', 'warn_error_options': 'WarnErrorOptionsV2(error=[], warn=[], silence=[])', 'target_path': 'None', 'printer_width': '80', 'write_json': 'True', 'introspect': 'True', 'log_cache_events': 'False', 'empty': 'None', 'cache_selected_only': 'False', 'fail_fast': 'False', 'debug': 'False', 'log_format': 'default', 'partial_parse': 'True', 'send_anonymous_usage_stats': 'True', 'quiet': 'False', 'warn_error': 'None', 'profiles_dir': 'C:\\Users\\tylor\\.dbt', 'indirect_selection': 'eager', 'invocation_command': 'dbt init --skip-profile-setup airbnb', 'use_colors': 'True', 'use_experimental_parser': 'False', 'log_path': 'logs'}
[0m15:32:13.573172 [debug] [MainThread]: Starter project path: C:\Users\tylor\OneDrive\DBT Course\course\.venv\Lib\site-packages\dbt\include\starter_project
[0m15:32:13.584188 [info ] [MainThread]: 
Your new dbt project "airbnb" was created!

For more information on how to configure the profiles.yml file,
please consult the dbt documentation here:

  https://docs.getdbt.com/docs/configure-your-profile

One more thing:

Need help? Don't hesitate to reach out to us via GitHub issues or on Slack:

  https://community.getdbt.com/

Happy modeling!

[0m15:32:13.585772 [debug] [MainThread]: Command `dbt init` succeeded at 15:32:13.585655 after 0.24 seconds
[0m15:32:13.586048 [debug] [MainThread]: Sending event: {'category': 'dbt', 'action': 'invocation', 'label': 'end', 'context': [<snowplow_tracker.self_describing_json.SelfDescribingJson object at 0x000002DD5560B6F0>, <snowplow_tracker.self_describing_json.SelfDescribingJson object at 0x000002DD567BD910>, <snowplow_tracker.self_describing_json.SelfDescribingJson object at 0x000002DD555ADBF0>]}
[0m15:32:13.586319 [debug] [MainThread]: Flushing usage events
[0m15:32:14.206317 [debug] [MainThread]: An error was encountered while trying to flush usage events
[0m15:41:13.690193 [debug] [MainThread]: Sending event: {'category': 'dbt', 'action': 'invocation', 'label': 'start', 'context': [<snowplow_tracker.self_describing_json.SelfDescribingJson object at 0x000002CD4EFD7230>, <snowplow_tracker.self_describing_json.SelfDescribingJson object at 0x000002CD511C7D90>, <snowplow_tracker.self_describing_json.SelfDescribingJson object at 0x000002CD511C7890>]}


============================== 15:41:13.711263 | c4e8c184-3e5a-403a-bd0b-76c5d2f8889b ==============================
[0m15:41:13.711263 [info ] [MainThread]: Running with dbt=1.11.2
[0m15:41:13.711984 [debug] [MainThread]: running dbt with arguments {'version_check': 'True', 'no_print': 'None', 'static_parser': 'True', 'warn_error_options': 'WarnErrorOptionsV2(error=[], warn=[], silence=[])', 'target_path': 'None', 'printer_width': '80', 'write_json': 'True', 'introspect': 'True', 'log_cache_events': 'False', 'empty': 'None', 'cache_selected_only': 'False', 'log_format': 'default', 'debug': 'False', 'fail_fast': 'False', 'partial_parse': 'True', 'send_anonymous_usage_stats': 'True', 'quiet': 'False', 'warn_error': 'None', 'profiles_dir': 'C:\\Users\\tylor\\.dbt', 'indirect_selection': 'eager', 'invocation_command': 'dbt debug', 'use_colors': 'True', 'use_experimental_parser': 'False', 'log_path': 'logs'}
[0m15:41:13.746037 [info ] [MainThread]: dbt version: 1.11.2
[0m15:41:13.746444 [info ] [MainThread]: python version: 3.13.2
[0m15:41:13.746772 [info ] [MainThread]: python path: C:\Users\tylor\OneDrive\DBT Course\course\.venv\Scripts\python.exe
[0m15:41:13.747049 [info ] [MainThread]: os info: Windows-11-10.0.26200-SP0
[0m15:41:13.747393 [info ] [MainThread]: Using profiles dir at C:\Users\tylor\.dbt
[0m15:41:13.747679 [info ] [MainThread]: Using profiles.yml file at C:\Users\tylor\.dbt\profiles.yml
[0m15:41:13.747945 [info ] [MainThread]: Using dbt_project.yml file at C:\Users\tylor\OneDrive\DBT Course\course\dbt_project.yml
[0m15:41:13.748265 [info ] [MainThread]: Configuration:
[0m15:41:13.748572 [info ] [MainThread]:   profiles.yml file [[31mERROR not found[0m]
[0m15:41:13.748826 [info ] [MainThread]:   dbt_project.yml file [[31mERROR not found[0m]
[0m15:41:13.749125 [info ] [MainThread]: Required dependencies:
[0m15:41:13.749428 [debug] [MainThread]: Executing "git --help"
[0m15:41:13.796238 [debug] [MainThread]: STDOUT: "b"usage: git [-v | --version] [-h | --help] [-C <path>] [-c <name>=<value>]\n           [--exec-path[=<path>]] [--html-path] [--man-path] [--info-path]\n           [-p | --paginate | -P | --no-pager] [--no-replace-objects] [--no-lazy-fetch]\n           [--no-optional-locks] [--no-advice] [--bare] [--git-dir=<path>]\n           [--work-tree=<path>] [--namespace=<name>] [--config-env=<name>=<envvar>]\n           <command> [<args>]\n\nThese are common Git commands used in various situations:\n\nstart a working area (see also: git help tutorial)\n   clone      Clone a repository into a new directory\n   init       Create an empty Git repository or reinitialize an existing one\n\nwork on the current change (see also: git help everyday)\n   add        Add file contents to the index\n   mv         Move or rename a file, a directory, or a symlink\n   restore    Restore working tree files\n   rm         Remove files from the working tree and from the index\n\nexamine the history and state (see also: git help revisions)\n   bisect     Use binary search to find the commit that introduced a bug\n   diff       Show changes between commits, commit and working tree, etc\n   grep       Print lines matching a pattern\n   log        Show commit logs\n   show       Show various types of objects\n   status     Show the working tree status\n\ngrow, mark and tweak your common history\n   backfill   Download missing objects in a partial clone\n   branch     List, create, or delete branches\n   commit     Record changes to the repository\n   merge      Join two or more development histories together\n   rebase     Reapply commits on top of another base tip\n   reset      Reset current HEAD to the specified state\n   switch     Switch branches\n   tag        Create, list, delete or verify tags\n\ncollaborate (see also: git help workflows)\n   fetch      Download objects and refs from another repository\n   pull       Fetch from and integrate with another repository or a local branch\n   push       Update remote refs along with associated objects\n\n'git help -a' and 'git help -g' list available subcommands and some\nconcept guides. See 'git help <command>' or 'git help <concept>'\nto read about a specific subcommand or concept.\nSee 'git help git' for an overview of the system.\n""
[0m15:41:13.796644 [debug] [MainThread]: STDERR: "b''"
[0m15:41:13.796941 [info ] [MainThread]:  - git [[32mOK found[0m]

[0m15:41:13.797357 [info ] [MainThread]: Connection test skipped since no profile was found
[0m15:41:13.797738 [info ] [MainThread]: [31m2 checks failed:[0m
[0m15:41:13.798068 [info ] [MainThread]: dbt looked for a profiles.yml file in C:\Users\tylor\.dbt\profiles.yml, but did
not find one. For more information on configuring your profile, consult the
documentation:

https://docs.getdbt.com/docs/configure-your-profile


[0m15:41:13.798381 [info ] [MainThread]: Project loading failed for the following reason:
 project path <C:\Users\tylor\OneDrive\DBT Course\course\dbt_project.yml> not found

[0m15:41:13.799511 [debug] [MainThread]: Command `dbt debug` failed at 15:41:13.799413 after 0.23 seconds
[0m15:41:13.799774 [debug] [MainThread]: Sending event: {'category': 'dbt', 'action': 'invocation', 'label': 'end', 'context': [<snowplow_tracker.self_describing_json.SelfDescribingJson object at 0x000002CD500DBA80>, <snowplow_tracker.self_describing_json.SelfDescribingJson object at 0x000002CD500F1910>, <snowplow_tracker.self_describing_json.SelfDescribingJson object at 0x000002CD512A4160>]}
[0m15:41:13.800030 [debug] [MainThread]: Flushing usage events
[0m15:41:14.456472 [debug] [MainThread]: An error was encountered while trying to flush usage events
[0m15:44:08.977809 [debug] [MainThread]: Sending event: {'category': 'dbt', 'action': 'invocation', 'label': 'start', 'context': [<snowplow_tracker.self_describing_json.SelfDescribingJson object at 0x000001FDEA357230>, <snowplow_tracker.self_describing_json.SelfDescribingJson object at 0x000001FDEC547D90>, <snowplow_tracker.self_describing_json.SelfDescribingJson object at 0x000001FDEC547890>]}


============================== 15:44:08.993098 | 0be4d7ed-3fe7-4c66-b8e3-30440359756a ==============================
[0m15:44:08.993098 [info ] [MainThread]: Running with dbt=1.11.2
[0m15:44:08.993637 [debug] [MainThread]: running dbt with arguments {'static_parser': 'True', 'no_print': 'None', 'version_check': 'True', 'target_path': 'None', 'warn_error_options': 'WarnErrorOptionsV2(error=[], warn=[], silence=[])', 'printer_width': '80', 'write_json': 'True', 'empty': 'None', 'log_cache_events': 'False', 'introspect': 'True', 'cache_selected_only': 'False', 'log_format': 'default', 'debug': 'False', 'fail_fast': 'False', 'profiles_dir': 'C:\\Users\\tylor\\.dbt', 'send_anonymous_usage_stats': 'True', 'quiet': 'False', 'warn_error': 'None', 'partial_parse': 'True', 'indirect_selection': 'eager', 'use_colors': 'True', 'invocation_command': 'dbt debug', 'use_experimental_parser': 'False', 'log_path': 'logs'}
[0m15:44:09.100010 [info ] [MainThread]: dbt version: 1.11.2
[0m15:44:09.100462 [info ] [MainThread]: python version: 3.13.2
[0m15:44:09.100744 [info ] [MainThread]: python path: C:\Users\tylor\OneDrive\DBT Course\course\.venv\Scripts\python.exe
[0m15:44:09.100983 [info ] [MainThread]: os info: Windows-11-10.0.26200-SP0
[0m15:44:09.101264 [info ] [MainThread]: Using profiles dir at C:\Users\tylor\.dbt
[0m15:44:09.101496 [info ] [MainThread]: Using profiles.yml file at C:\Users\tylor\.dbt\profiles.yml
[0m15:44:09.101705 [info ] [MainThread]: Using dbt_project.yml file at C:\Users\tylor\OneDrive\DBT Course\course\dbt_project.yml
[0m15:44:09.101956 [info ] [MainThread]: Configuration:
[0m15:44:09.102166 [info ] [MainThread]:   profiles.yml file [[31mERROR not found[0m]
[0m15:44:09.102445 [info ] [MainThread]:   dbt_project.yml file [[31mERROR not found[0m]
[0m15:44:09.102741 [info ] [MainThread]: Required dependencies:
[0m15:44:09.102989 [debug] [MainThread]: Executing "git --help"
[0m15:44:09.149594 [debug] [MainThread]: STDOUT: "b"usage: git [-v | --version] [-h | --help] [-C <path>] [-c <name>=<value>]\n           [--exec-path[=<path>]] [--html-path] [--man-path] [--info-path]\n           [-p | --paginate | -P | --no-pager] [--no-replace-objects] [--no-lazy-fetch]\n           [--no-optional-locks] [--no-advice] [--bare] [--git-dir=<path>]\n           [--work-tree=<path>] [--namespace=<name>] [--config-env=<name>=<envvar>]\n           <command> [<args>]\n\nThese are common Git commands used in various situations:\n\nstart a working area (see also: git help tutorial)\n   clone      Clone a repository into a new directory\n   init       Create an empty Git repository or reinitialize an existing one\n\nwork on the current change (see also: git help everyday)\n   add        Add file contents to the index\n   mv         Move or rename a file, a directory, or a symlink\n   restore    Restore working tree files\n   rm         Remove files from the working tree and from the index\n\nexamine the history and state (see also: git help revisions)\n   bisect     Use binary search to find the commit that introduced a bug\n   diff       Show changes between commits, commit and working tree, etc\n   grep       Print lines matching a pattern\n   log        Show commit logs\n   show       Show various types of objects\n   status     Show the working tree status\n\ngrow, mark and tweak your common history\n   backfill   Download missing objects in a partial clone\n   branch     List, create, or delete branches\n   commit     Record changes to the repository\n   merge      Join two or more development histories together\n   rebase     Reapply commits on top of another base tip\n   reset      Reset current HEAD to the specified state\n   switch     Switch branches\n   tag        Create, list, delete or verify tags\n\ncollaborate (see also: git help workflows)\n   fetch      Download objects and refs from another repository\n   pull       Fetch from and integrate with another repository or a local branch\n   push       Update remote refs along with associated objects\n\n'git help -a' and 'git help -g' list available subcommands and some\nconcept guides. See 'git help <command>' or 'git help <concept>'\nto read about a specific subcommand or concept.\nSee 'git help git' for an overview of the system.\n""
[0m15:44:09.149942 [debug] [MainThread]: STDERR: "b''"
[0m15:44:09.150220 [info ] [MainThread]:  - git [[32mOK found[0m]

[0m15:44:09.150598 [info ] [MainThread]: Connection test skipped since no profile was found
[0m15:44:09.150958 [info ] [MainThread]: [31m2 checks failed:[0m
[0m15:44:09.151245 [info ] [MainThread]: dbt looked for a profiles.yml file in C:\Users\tylor\.dbt\profiles.yml, but did
not find one. For more information on configuring your profile, consult the
documentation:

https://docs.getdbt.com/docs/configure-your-profile


[0m15:44:09.151563 [info ] [MainThread]: Project loading failed for the following reason:
 project path <C:\Users\tylor\OneDrive\DBT Course\course\dbt_project.yml> not found

[0m15:44:09.152731 [debug] [MainThread]: Command `dbt debug` failed at 15:44:09.152638 after 0.33 seconds
[0m15:44:09.152990 [debug] [MainThread]: Sending event: {'category': 'dbt', 'action': 'invocation', 'label': 'end', 'context': [<snowplow_tracker.self_describing_json.SelfDescribingJson object at 0x000001FDEC5FC8A0>, <snowplow_tracker.self_describing_json.SelfDescribingJson object at 0x000001FDEB4716D0>, <snowplow_tracker.self_describing_json.SelfDescribingJson object at 0x000001FDEC5EC160>]}
[0m15:44:09.153241 [debug] [MainThread]: Flushing usage events
[0m15:44:09.885452 [debug] [MainThread]: An error was encountered while trying to flush usage events
[0m10:24:40.533585 [debug] [MainThread]: Sending event: {'category': 'dbt', 'action': 'invocation', 'label': 'start', 'context': [<snowplow_tracker.self_describing_json.SelfDescribingJson object at 0x0000019398DF7230>, <snowplow_tracker.self_describing_json.SelfDescribingJson object at 0x000001939AFEBD90>, <snowplow_tracker.self_describing_json.SelfDescribingJson object at 0x000001939AFEB890>]}


============================== 10:24:40.547779 | 25c587c3-2606-4d24-80f1-1a0b94c40893 ==============================
[0m10:24:40.547779 [info ] [MainThread]: Running with dbt=1.11.2
[0m10:24:40.548268 [debug] [MainThread]: running dbt with arguments {'version_check': 'True', 'no_print': 'None', 'static_parser': 'True', 'warn_error_options': 'WarnErrorOptionsV2(error=[], warn=[], silence=[])', 'target_path': 'None', 'printer_width': '80', 'write_json': 'True', 'introspect': 'True', 'log_cache_events': 'False', 'empty': 'False', 'cache_selected_only': 'False', 'log_format': 'default', 'debug': 'False', 'fail_fast': 'False', 'partial_parse': 'True', 'send_anonymous_usage_stats': 'True', 'quiet': 'False', 'warn_error': 'None', 'profiles_dir': 'C:\\Users\\tylor\\.dbt', 'indirect_selection': 'eager', 'invocation_command': 'dbt run', 'use_colors': 'True', 'use_experimental_parser': 'False', 'log_path': 'logs'}
[0m10:24:40.548593 [error] [MainThread]: Encountered an error:
Runtime Error
  No dbt_project.yml found at expected path C:\Users\tylor\OneDrive\DBT Course\course\dbt_project.yml
  Verify that each entry within packages.yml (and their transitive dependencies) contains a file named dbt_project.yml
  
[0m10:24:40.549550 [debug] [MainThread]: Command `dbt run` failed at 10:24:40.549468 after 0.13 seconds
[0m10:24:40.549773 [debug] [MainThread]: Sending event: {'category': 'dbt', 'action': 'invocation', 'label': 'end', 'context': [<snowplow_tracker.self_describing_json.SelfDescribingJson object at 0x0000019399EFB5C0>, <snowplow_tracker.self_describing_json.SelfDescribingJson object at 0x0000019399F0D7F0>, <snowplow_tracker.self_describing_json.SelfDescribingJson object at 0x0000019399E9FBD0>]}
[0m10:24:40.549989 [debug] [MainThread]: Flushing usage events
[0m10:24:41.187109 [debug] [MainThread]: An error was encountered while trying to flush usage events
